2026-06-02 10:36:00.063 [INF] WCS Runtime Engine 启动中...
2026-06-02 10:36:00.124 [INF] PLC polling service starting
2026-06-02 10:36:00.125 [INF] Starting PLC polling service
2026-06-02 10:36:00.136 [INF] Snapshot service started (interval: "00:00:05")
2026-06-02 10:36:00.206 [INF] Persist service started (interval: "00:00:10")
2026-06-02 10:36:00.207 [INF] Alarm monitor service started
2026-06-02 16:34:36.289 [FTL] Application terminated unexpectedly
System.IO.InvalidDataException: Failed to load configuration from file 'I:\code\IOT\WCS ENG\src\Wcs.Host\appsettings.Development.json'.
 ---> System.FormatException: Could not parse the JSON file.
 ---> System.Text.Json.JsonReaderException: 'S' is an invalid escapable character within a JSON string. The string should be correctly escaped. LineNumber: 8 | BytePositionInLine: 23.
   at System.Text.Json.ThrowHelper.ThrowJsonReaderException(Utf8JsonReader& json, ExceptionResource resource, Byte nextByte, ReadOnlySpan`1 bytes)
   at System.Text.Json.Utf8JsonReader.ConsumeStringAndValidate(ReadOnlySpan`1 data, Int32 idx)
   at System.Text.Json.Utf8JsonReader.ConsumeString()
   at System.Text.Json.Utf8JsonReader.ConsumeValue(Byte marker)
   at System.Text.Json.Utf8JsonReader.ReadSingleSegment()
   at System.Text.Json.Utf8JsonReader.Read()
   at System.Text.Json.JsonDocument.Parse(ReadOnlySpan`1 utf8JsonSpan, JsonReaderOptions readerOptions, MetadataDb& database, StackRowStack& stack)
   at System.Text.Json.JsonDocument.Parse(ReadOnlyMemory`1 utf8Json, JsonReaderOptions readerOptions, Byte[] extraRentedArrayPoolBytes, PooledByteBufferWriter extraPooledByteBufferWriter)
   at System.Text.Json.JsonDocument.Parse(ReadOnlyMemory`1 json, JsonDocumentOptions options)
   at System.Text.Json.JsonDocument.Parse(String json, JsonDocumentOptions options)
   at Microsoft.Extensions.Configuration.Json.JsonConfigurationFileParser.ParseStream(Stream input)
   at Microsoft.Extensions.Configuration.Json.JsonConfigurationProvider.Load(Stream stream)
   --- End of inner exception stack trace ---
   at Microsoft.Extensions.Configuration.Json.JsonConfigurationProvider.Load(Stream stream)
   at Microsoft.Extensions.Configuration.FileConfigurationProvider.Load(Boolean reload)
   --- End of inner exception stack trace ---
   at Microsoft.Extensions.Configuration.FileConfigurationProvider.Load(Boolean reload)
   at Microsoft.Extensions.Configuration.ConfigurationManager.AddSource(IConfigurationSource source)
   at Microsoft.Extensions.Configuration.ConfigurationManager.Microsoft.Extensions.Configuration.IConfigurationBuilder.Add(IConfigurationSource source)
   at Microsoft.Extensions.Configuration.JsonConfigurationExtensions.AddJsonFile(IConfigurationBuilder builder, String path, Boolean optional, Boolean reloadOnChange)
   at Microsoft.Extensions.Hosting.HostingHostBuilderExtensions.ApplyDefaultAppConfiguration(HostBuilderContext hostingContext, IConfigurationBuilder appConfigBuilder, String[] args)
   at Microsoft.Extensions.Hosting.HostApplicationBuilder..ctor(HostApplicationBuilderSettings settings)
   at Microsoft.AspNetCore.Builder.WebApplicationBuilder..ctor(WebApplicationOptions options, Action`1 configureDefaults)
   at Microsoft.AspNetCore.Builder.WebApplication.CreateBuilder(String[] args)
   at Program.<Main>$(String[] args) in I:\code\IOT\WCS ENG\src\Wcs.Host\Program.cs:line 18
2026-06-02 16:35:53.438 [INF] WCS Runtime Engine 启动中...
2026-06-02 16:35:54.356 [INF] 检查数据库状态...
2026-06-02 16:36:10.454 [FTL] 数据库初始化失败，系统无法启动
Microsoft.Data.SqlClient.SqlException (0x80131904): 在与 SQL Server 建立连接时出现与网络相关的或特定于实例的错误。未找到或无法访问服务器。请验证实例名称是否正确并且 SQL Server 已配置为允许远程连接。 (provider: SQL 网络接口, error: 26 - 定位指定的 Server/Instance 时出错)
   at Microsoft.Data.SqlClient.SqlInternalConnection.OnError(SqlException exception, Boolean breakConnection, Action`1 wrapCloseInAction)
   at Microsoft.Data.SqlClient.TdsParser.ThrowExceptionAndWarning(TdsParserStateObject stateObj, SqlCommand command, Boolean callerHasConnectionLock, Boolean asyncClose)
   at Microsoft.Data.SqlClient.TdsParser.Connect(ServerInfo serverInfo, SqlInternalConnectionTds connHandler, TimeoutTimer timeout, SqlConnectionString connectionOptions, Boolean withFailover)
   at Microsoft.Data.SqlClient.SqlInternalConnectionTds.AttemptOneLogin(ServerInfo serverInfo, String newPassword, SecureString newSecurePassword, TimeoutTimer timeout, Boolean withFailover)
   at Microsoft.Data.SqlClient.SqlInternalConnectionTds.LoginNoFailover(ServerInfo serverInfo, String newPassword, SecureString newSecurePassword, Boolean redirectedUserInstance, SqlConnectionString connectionOptions, SqlCredential credential, TimeoutTimer timeout)
   at Microsoft.Data.SqlClient.SqlInternalConnectionTds.OpenLoginEnlist(TimeoutTimer timeout, SqlConnectionString connectionOptions, SqlCredential credential, String newPassword, SecureString newSecurePassword, Boolean redirectedUserInstance)
   at Microsoft.Data.SqlClient.SqlInternalConnectionTds..ctor(DbConnectionPoolIdentity identity, SqlConnectionString connectionOptions, SqlCredential credential, Object providerInfo, String newPassword, SecureString newSecurePassword, Boolean redirectedUserInstance, SqlConnectionString userConnectionOptions, SessionData reconnectSessionData, Boolean applyTransientFaultHandling, String accessToken, DbConnectionPool pool, Func`3 accessTokenCallback)
   at Microsoft.Data.SqlClient.SqlConnectionFactory.CreateConnection(DbConnectionOptions options, DbConnectionPoolKey poolKey, Object poolGroupProviderInfo, DbConnectionPool pool, DbConnection owningConnection, DbConnectionOptions userOptions)
   at Microsoft.Data.ProviderBase.DbConnectionFactory.CreatePooledConnection(DbConnectionPool pool, DbConnection owningObject, DbConnectionOptions options, DbConnectionPoolKey poolKey, DbConnectionOptions userOptions)
   at Microsoft.Data.ProviderBase.DbConnectionPool.CreateObject(DbConnection owningObject, DbConnectionOptions userOptions, DbConnectionInternal oldConnection)
   at Microsoft.Data.ProviderBase.DbConnectionPool.UserCreateRequest(DbConnection owningObject, DbConnectionOptions userOptions, DbConnectionInternal oldConnection)
   at Microsoft.Data.ProviderBase.DbConnectionPool.TryGetConnection(DbConnection owningObject, UInt32 waitForMultipleObjectsTimeout, Boolean allowCreate, Boolean onlyOneCheckConnection, DbConnectionOptions userOptions, DbConnectionInternal& connection)
   at Microsoft.Data.ProviderBase.DbConnectionPool.WaitForPendingOpen()
--- End of stack trace from previous location ---
   at Microsoft.EntityFrameworkCore.Storage.RelationalConnection.OpenInternalAsync(Boolean errorsExpected, CancellationToken cancellationToken)
   at Microsoft.EntityFrameworkCore.Storage.RelationalConnection.OpenInternalAsync(Boolean errorsExpected, CancellationToken cancellationToken)
   at Microsoft.EntityFrameworkCore.Storage.RelationalConnection.OpenAsync(CancellationToken cancellationToken, Boolean errorsExpected)
   at Microsoft.EntityFrameworkCore.SqlServer.Storage.Internal.SqlServerDatabaseCreator.<>c__DisplayClass20_0.<<ExistsAsync>b__0>d.MoveNext()
--- End of stack trace from previous location ---
   at Microsoft.EntityFrameworkCore.SqlServer.Storage.Internal.SqlServerDatabaseCreator.<>c__DisplayClass20_0.<<ExistsAsync>b__0>d.MoveNext()
--- End of stack trace from previous location ---
   at Microsoft.EntityFrameworkCore.SqlServer.Storage.Internal.SqlServerDatabaseCreator.<>c__DisplayClass20_0.<<ExistsAsync>b__0>d.MoveNext()
--- End of stack trace from previous location ---
   at Microsoft.EntityFrameworkCore.SqlServer.Storage.Internal.SqlServerExecutionStrategy.ExecuteAsync[TState,TResult](TState state, Func`4 operation, Func`4 verifySucceeded, CancellationToken cancellationToken)
   at Microsoft.EntityFrameworkCore.Storage.RelationalDatabaseCreator.EnsureCreatedAsync(CancellationToken cancellationToken)
   at Microsoft.EntityFrameworkCore.Storage.RelationalDatabaseCreator.EnsureCreatedAsync(CancellationToken cancellationToken)
   at Wcs.Infrastructure.Persistence.DatabaseInitializer.EnsureDatabaseAsync(CancellationToken cancellationToken) in I:\code\IOT\WCS ENG\src\Wcs.Infrastructure\Persistence\DatabaseInitializer.cs:line 43
   at Program.<Main>$(String[] args) in I:\code\IOT\WCS ENG\src\Wcs.Host\Program.cs:line 72
ClientConnectionId:00000000-0000-0000-0000-000000000000
Error Number:-1,State:0,Class:20
2026-06-02 16:36:10.512 [FTL] Application terminated unexpectedly
Microsoft.Data.SqlClient.SqlException (0x80131904): 在与 SQL Server 建立连接时出现与网络相关的或特定于实例的错误。未找到或无法访问服务器。请验证实例名称是否正确并且 SQL Server 已配置为允许远程连接。 (provider: SQL 网络接口, error: 26 - 定位指定的 Server/Instance 时出错)
   at Microsoft.Data.SqlClient.SqlInternalConnection.OnError(SqlException exception, Boolean breakConnection, Action`1 wrapCloseInAction)
   at Microsoft.Data.SqlClient.TdsParser.ThrowExceptionAndWarning(TdsParserStateObject stateObj, SqlCommand command, Boolean callerHasConnectionLock, Boolean asyncClose)
   at Microsoft.Data.SqlClient.TdsParser.Connect(ServerInfo serverInfo, SqlInternalConnectionTds connHandler, TimeoutTimer timeout, SqlConnectionString connectionOptions, Boolean withFailover)
   at Microsoft.Data.SqlClient.SqlInternalConnectionTds.AttemptOneLogin(ServerInfo serverInfo, String newPassword, SecureString newSecurePassword, TimeoutTimer timeout, Boolean withFailover)
   at Microsoft.Data.SqlClient.SqlInternalConnectionTds.LoginNoFailover(ServerInfo serverInfo, String newPassword, SecureString newSecurePassword, Boolean redirectedUserInstance, SqlConnectionString connectionOptions, SqlCredential credential, TimeoutTimer timeout)
   at Microsoft.Data.SqlClient.SqlInternalConnectionTds.OpenLoginEnlist(TimeoutTimer timeout, SqlConnectionString connectionOptions, SqlCredential credential, String newPassword, SecureString newSecurePassword, Boolean redirectedUserInstance)
   at Microsoft.Data.SqlClient.SqlInternalConnectionTds..ctor(DbConnectionPoolIdentity identity, SqlConnectionString connectionOptions, SqlCredential credential, Object providerInfo, String newPassword, SecureString newSecurePassword, Boolean redirectedUserInstance, SqlConnectionString userConnectionOptions, SessionData reconnectSessionData, Boolean applyTransientFaultHandling, String accessToken, DbConnectionPool pool, Func`3 accessTokenCallback)
   at Microsoft.Data.SqlClient.SqlConnectionFactory.CreateConnection(DbConnectionOptions options, DbConnectionPoolKey poolKey, Object poolGroupProviderInfo, DbConnectionPool pool, DbConnection owningConnection, DbConnectionOptions userOptions)
   at Microsoft.Data.ProviderBase.DbConnectionFactory.CreatePooledConnection(DbConnectionPool pool, DbConnection owningObject, DbConnectionOptions options, DbConnectionPoolKey poolKey, DbConnectionOptions userOptions)
   at Microsoft.Data.ProviderBase.DbConnectionPool.CreateObject(DbConnection owningObject, DbConnectionOptions userOptions, DbConnectionInternal oldConnection)
   at Microsoft.Data.ProviderBase.DbConnectionPool.UserCreateRequest(DbConnection owningObject, DbConnectionOptions userOptions, DbConnectionInternal oldConnection)
   at Microsoft.Data.ProviderBase.DbConnectionPool.TryGetConnection(DbConnection owningObject, UInt32 waitForMultipleObjectsTimeout, Boolean allowCreate, Boolean onlyOneCheckConnection, DbConnectionOptions userOptions, DbConnectionInternal& connection)
   at Microsoft.Data.ProviderBase.DbConnectionPool.WaitForPendingOpen()
--- End of stack trace from previous location ---
   at Microsoft.EntityFrameworkCore.Storage.RelationalConnection.OpenInternalAsync(Boolean errorsExpected, CancellationToken cancellationToken)
   at Microsoft.EntityFrameworkCore.Storage.RelationalConnection.OpenInternalAsync(Boolean errorsExpected, CancellationToken cancellationToken)
   at Microsoft.EntityFrameworkCore.Storage.RelationalConnection.OpenAsync(CancellationToken cancellationToken, Boolean errorsExpected)
   at Microsoft.EntityFrameworkCore.SqlServer.Storage.Internal.SqlServerDatabaseCreator.<>c__DisplayClass20_0.<<ExistsAsync>b__0>d.MoveNext()
--- End of stack trace from previous location ---
   at Microsoft.EntityFrameworkCore.SqlServer.Storage.Internal.SqlServerDatabaseCreator.<>c__DisplayClass20_0.<<ExistsAsync>b__0>d.MoveNext()
--- End of stack trace from previous location ---
   at Microsoft.EntityFrameworkCore.SqlServer.Storage.Internal.SqlServerDatabaseCreator.<>c__DisplayClass20_0.<<ExistsAsync>b__0>d.MoveNext()
--- End of stack trace from previous location ---
   at Microsoft.EntityFrameworkCore.SqlServer.Storage.Internal.SqlServerExecutionStrategy.ExecuteAsync[TState,TResult](TState state, Func`4 operation, Func`4 verifySucceeded, CancellationToken cancellationToken)
   at Microsoft.EntityFrameworkCore.Storage.RelationalDatabaseCreator.EnsureCreatedAsync(CancellationToken cancellationToken)
   at Microsoft.EntityFrameworkCore.Storage.RelationalDatabaseCreator.EnsureCreatedAsync(CancellationToken cancellationToken)
   at Wcs.Infrastructure.Persistence.DatabaseInitializer.EnsureDatabaseAsync(CancellationToken cancellationToken) in I:\code\IOT\WCS ENG\src\Wcs.Infrastructure\Persistence\DatabaseInitializer.cs:line 43
   at Program.<Main>$(String[] args) in I:\code\IOT\WCS ENG\src\Wcs.Host\Program.cs:line 72
ClientConnectionId:00000000-0000-0000-0000-000000000000
Error Number:-1,State:0,Class:20
2026-06-02 16:37:17.228 [INF] WCS Runtime Engine 启动中...
2026-06-02 16:37:17.378 [INF] 检查数据库状态...
2026-06-02 16:37:18.560 [INF] 数据库已存在且表结构完整，跳过初始化
2026-06-02 16:37:18.564 [INF] 数据库就绪
2026-06-02 16:37:18.671 [INF] 系统恢复: System recovered: StateCenter
2026-06-02 16:37:18.684 [INF] 加载报警规则: DEADLOCK (DelayRaise=1000ms, DelayRecover=3000ms)
2026-06-02 16:37:18.687 [INF] 加载报警规则: PLC_COMM_LOST (DelayRaise=5000ms, DelayRecover=10000ms)
2026-06-02 16:37:18.835 [INF] SignalR hub available at /wcs
2026-06-02 16:37:18.845 [INF] PLC polling service starting
2026-06-02 16:37:18.846 [INF] Starting PLC polling service
2026-06-02 16:37:18.852 [INF] Snapshot service started (interval: 5s)
2026-06-02 16:37:18.888 [INF] Persist service started (interval: 10s)
2026-06-02 16:37:18.890 [INF] Alarm monitor service started
2026-06-02 16:42:53.812 [INF] WCS Runtime Engine 启动中...
2026-06-02 16:42:53.922 [INF] 检查数据库状态...
2026-06-02 16:42:54.644 [INF] 数据库已存在且表结构完整，跳过初始化
2026-06-02 16:42:54.648 [INF] 数据库就绪
2026-06-02 16:42:54.721 [INF] 系统恢复: System recovered: StateCenter, ObjectTracking, AlarmCenter
2026-06-02 16:42:54.731 [INF] 加载报警规则: DEADLOCK (DelayRaise=1000ms, DelayRecover=3000ms)
2026-06-02 16:42:54.734 [INF] 加载报警规则: PLC_COMM_LOST (DelayRaise=5000ms, DelayRecover=10000ms)
2026-06-02 16:42:54.794 [INF] SignalR hub available at /wcs
2026-06-02 16:42:54.805 [INF] PLC polling service starting
2026-06-02 16:42:54.806 [INF] Starting PLC polling service
2026-06-02 16:42:54.811 [INF] Snapshot service started (interval: 5s)
2026-06-02 16:42:54.832 [INF] Persist service started (interval: 10s)
2026-06-02 16:42:54.834 [INF] Alarm monitor service started
2026-06-02 16:43:15.434 [INF] Stopping PLC polling service
2026-06-02 16:43:15.444 [INF] PLC polling service stopped
2026-06-02 16:43:15.444 [INF] PLC polling service stopped
2026-06-02 16:45:40.675 [INF] WCS Runtime Engine 启动中...
2026-06-02 16:45:40.780 [INF] 检查数据库状态...
2026-06-02 16:45:56.106 [INF] 数据库和所有数据表已创建完成
2026-06-02 16:45:56.109 [INF] 数据库就绪
2026-06-02 16:45:56.181 [INF] 系统恢复: System recovered: StateCenter, ObjectTracking, AlarmCenter
2026-06-02 16:45:56.191 [INF] 加载报警规则: DEADLOCK (DelayRaise=1000ms, DelayRecover=3000ms)
2026-06-02 16:45:56.194 [INF] 加载报警规则: PLC_COMM_LOST (DelayRaise=5000ms, DelayRecover=10000ms)
2026-06-02 16:45:56.260 [INF] SignalR hub available at /wcs
2026-06-02 16:45:56.270 [INF] PLC polling service starting
2026-06-02 16:45:56.272 [INF] Starting PLC polling service
2026-06-02 16:45:56.278 [INF] Snapshot service started (interval: 5s)
2026-06-02 16:45:56.300 [INF] Persist service started (interval: 10s)
2026-06-02 16:45:56.325 [INF] Alarm monitor service started
2026-06-02 16:46:20.774 [INF] Stopping PLC polling service
2026-06-02 16:46:20.776 [INF] PLC polling service stopped
2026-06-02 16:46:20.776 [INF] PLC polling service stopped
